09:47:38 **** Build of configuration Debug for project nhom3-day3 ****
make -j16 all 
arm-none-eabi-gcc -mcpu=cortex-m4 -g3 -DDEBUG -c -x assembler-with-cpp -MMD -MP -MF"Startup/startup_stm32f401retx.d" -MT"Startup/startup_stm32f401retx.o" --specs=nano.specs -mfpu=fpv4-sp-d16 -mfloat-abi=hard -mthumb -o "Startup/startup_stm32f401retx.o" "../Startup/startup_stm32f401retx.s"
arm-none-eabi-gcc "../Src/main.c" -mcpu=cortex-m4 -std=gnu11 -g3 -DDEBUG -DNUCLEO_F401RE -DSTM32 -DSTM32F401RETx -DSTM32F4 -c -I../Inc -I"E:/STM/SDK_1.0.3_NUCLEO-F401RE/shared/Drivers/CMSIS/Include" -I"E:/STM/SDK_1.0.3_NUCLEO-F401RE/shared/Drivers/STM32F401RE_StdPeriph_Driver/inc" -I"E:/STM/SDK_1.0.3_NUCLEO-F401RE/shared/Middle/button" -I"E:/STM/SDK_1.0.3_NUCLEO-F401RE/shared/Middle/buzzer" -I"E:/STM/SDK_1.0.3_NUCLEO-F401RE/shared/Middle/led" -I"E:/STM/SDK_1.0.3_NUCLEO-F401RE/shared/Middle/rtos" -I"E:/STM/SDK_1.0.3_NUCLEO-F401RE/shared/Middle/sensor" -I"E:/STM/SDK_1.0.3_NUCLEO-F401RE/shared/Middle/serial" -I"E:/STM/SDK_1.0.3_NUCLEO-F401RE/shared/Middle/ucglib" -I"E:/STM/SDK_1.0.3_NUCLEO-F401RE/shared/Utilities" -O0 -ffunction-sections -fdata-sections -Wall -fstack-usage -fcyclomatic-complexity -MMD -MP -MF"Src/main.d" -MT"Src/main.o" --specs=nano.specs -mfpu=fpv4-sp-d16 -mfloat-abi=hard -mthumb -o "Src/main.o"
arm-none-eabi-gcc "../Src/syscalls.c" -mcpu=cortex-m4 -std=gnu11 -g3 -DDEBUG -DNUCLEO_F401RE -DSTM32 -DSTM32F401RETx -DSTM32F4 -c -I../Inc -I"E:/STM/SDK_1.0.3_NUCLEO-F401RE/shared/Drivers/CMSIS/Include" -I"E:/STM/SDK_1.0.3_NUCLEO-F401RE/shared/Drivers/STM32F401RE_StdPeriph_Driver/inc" -I"E:/STM/SDK_1.0.3_NUCLEO-F401RE/shared/Middle/button" -I"E:/STM/SDK_1.0.3_NUCLEO-F401RE/shared/Middle/buzzer" -I"E:/STM/SDK_1.0.3_NUCLEO-F401RE/shared/Middle/led" -I"E:/STM/SDK_1.0.3_NUCLEO-F401RE/shared/Middle/rtos" -I"E:/STM/SDK_1.0.3_NUCLEO-F401RE/shared/Middle/sensor" -I"E:/STM/SDK_1.0.3_NUCLEO-F401RE/shared/Middle/serial" -I"E:/STM/SDK_1.0.3_NUCLEO-F401RE/shared/Middle/ucglib" -I"E:/STM/SDK_1.0.3_NUCLEO-F401RE/shared/Utilities" -O0 -ffunction-sections -fdata-sections -Wall -fstack-usage -fcyclomatic-complexity -MMD -MP -MF"Src/syscalls.d" -MT"Src/syscalls.o" --specs=nano.specs -mfpu=fpv4-sp-d16 -mfloat-abi=hard -mthumb -o "Src/syscalls.o"
arm-none-eabi-gcc "../Src/sysmem.c" -mcpu=cortex-m4 -std=gnu11 -g3 -DDEBUG -DNUCLEO_F401RE -DSTM32 -DSTM32F401RETx -DSTM32F4 -c -I../Inc -I"E:/STM/SDK_1.0.3_NUCLEO-F401RE/shared/Drivers/CMSIS/Include" -I"E:/STM/SDK_1.0.3_NUCLEO-F401RE/shared/Drivers/STM32F401RE_StdPeriph_Driver/inc" -I"E:/STM/SDK_1.0.3_NUCLEO-F401RE/shared/Middle/button" -I"E:/STM/SDK_1.0.3_NUCLEO-F401RE/shared/Middle/buzzer" -I"E:/STM/SDK_1.0.3_NUCLEO-F401RE/shared/Middle/led" -I"E:/STM/SDK_1.0.3_NUCLEO-F401RE/shared/Middle/rtos" -I"E:/STM/SDK_1.0.3_NUCLEO-F401RE/shared/Middle/sensor" -I"E:/STM/SDK_1.0.3_NUCLEO-F401RE/shared/Middle/serial" -I"E:/STM/SDK_1.0.3_NUCLEO-F401RE/shared/Middle/ucglib" -I"E:/STM/SDK_1.0.3_NUCLEO-F401RE/shared/Utilities" -O0 -ffunction-sections -fdata-sections -Wall -fstack-usage -fcyclomatic-complexity -MMD -MP -MF"Src/sysmem.d" -MT"Src/sysmem.o" --specs=nano.specs -mfpu=fpv4-sp-d16 -mfloat-abi=hard -mthumb -o "Src/sysmem.o"
../Src/main.c:22:4: warning: #warning "FPU is not initialized, but the project is compiling for an FPU. Please initialize the FPU before use." [-Wcpp]
   22 |   #warning "FPU is not initialized, but the project is compiling for an FPU. Please initialize the FPU before use."
      |    ^~~~~~~
arm-none-eabi-gcc -o "nhom3-day3.elf" @"objects.list"  -lLibraries -mcpu=cortex-m4 -T"E:\STM\BT_STM\nhom3-day3\STM32F401RETX_FLASH.ld" --specs=nosys.specs -Wl,-Map="nhom3-day3.map" -Wl,--gc-sections -static -L"E:\STM\SDK_1.0.3_NUCLEO-F401RE\lib_stm" --specs=nano.specs -mfpu=fpv4-sp-d16 -mfloat-abi=hard -mthumb -Wl,--start-group -lc -lm -Wl,--end-group
Finished building target: nhom3-day3.elf
 
arm-none-eabi-size  nhom3-day3.elf 
arm-none-eabi-objdump -h -S nhom3-day3.elf  > "nhom3-day3.list"
   text	   data	    bss	    dec	    hex	filename
    664	      0	   1568	   2232	    8b8	nhom3-day3.elf
Finished building: default.size.stdout
 
Finished building: nhom3-day3.list
 

09:47:40 Build Finished. 0 errors, 1 warnings. (took 1s.231ms)

